// Jest Snapshot v1, https://goo.gl/fbAQLP

exports[`components/textfield/TextField should render the textfield 1`] = `
<div
  class="mb-4 text-secondary-light focus-within:text-primary"
>
  <input
    class="
      block
      border rounded-sm
      leading-tight
      border-secondary-lighter bg-white
      w-full p-2
      focus:outline-none focus:border-primary focus:text-primary
    "
    type="text"
    value=""
  />
</div>
`;
