// Jest Snapshot v1, https://goo.gl/fbAQLP

exports[`components/footer/DonateButton should render the donate button 1`] = `
<form
  action="https://www.paypal.com/cgi-bin/webscr"
  method="post"
  target="_top"
>
  <input
    name="cmd"
    type="hidden"
    value="_s-xclick"
  />
  <input
    name="hosted_button_id"
    type="hidden"
    value="3LA9RLHEXNZV6"
  />
  <input
    alt="footer-donate-paypal"
    border="0"
    name="submit"
    src="https://www.paypalobjects.com/en_US/i/btn/btn_donateCC_LG.gif"
    type="image"
  />
  <img
    alt="footer-donate"
    src="https://www.paypalobjects.com/de_DE/i/scr/pixel.gif"
  />
</form>
`;
