// Jest Snapshot v1, https://goo.gl/fbAQLP

exports[`renders the footer element 1`] = `
<footer
  class="w-full border-t border-secondary-lightest"
>
  <div
    class="flex flex-col md:flex-row justify-center items-center sm:justify-end flex-wrap pt-4 pb-4 pr-8 pl-8 mr-16 ml-16 "
  >
    <button
      class="button tertiary small rounded capitalize"
    >
      footer.legal.terms
    </button>
    <button
      class="button tertiary small rounded capitalize"
    >
      footer.legal.cookies
    </button>
    <button
      class="button tertiary small rounded capitalize"
    >
      footer.legal.privacy
    </button>
    <button
      class="button tertiary small rounded capitalize"
    >
      footer.legal.conduct
    </button>
  </div>
</footer>
`;
